1789729630|/|
1789729636|/index.php|https://schoolb2.loc/
1789729638|/index.php?id=contact|https://schoolb2.loc/index.php
1789729639|/index.php?id=about|https://schoolb2.loc/index.php?id=contact
1789729641|/index.php?id=info|https://schoolb2.loc/index.php?id=about
1789729643|/index.php?id=gbook|https://schoolb2.loc/index.php?id=info
1789729643|/index.php?id=contact|https://schoolb2.loc/index.php?id=gbook
1789729644|/index.php|https://schoolb2.loc/index.php?id=contact
1789729652|/index.php?id=info|https://schoolb2.loc/index.php
1789729652|/index.php?id=gbook|https://schoolb2.loc/index.php?id=info
1789729653|/index.php?id=log|https://schoolb2.loc/index.php?id=gbook
1789729654|/index.php?id=gbook|https://schoolb2.loc/index.php?id=log
1789729655|/index.php?id=log|https://schoolb2.loc/index.php?id=gbook
1789729770|/index.php|https://schoolb2.loc/index.php?id=log
1789729772|/index.php?id=contact|https://schoolb2.loc/index.php
1789729794|/index.php?id=contact|https://schoolb2.loc/index.php
1789729796|/index.php?id=gbook|https://schoolb2.loc/index.php?id=contact
1789730900|/index.php?id=gbook|https://schoolb2.loc/index.php?id=contact
1789730901|/index.php?id=gbook|https://schoolb2.loc/index.php?id=contact
1789730901|/index.php?id=gbook|https://schoolb2.loc/index.php?id=contact
1789730902|/index.php?id=gbook|https://schoolb2.loc/index.php?id=contact
1789730902|/index.php?id=gbook|https://schoolb2.loc/index.php?id=contact
1789730902|/index.php?id=gbook|https://schoolb2.loc/index.php?id=contact
1789730903|/index.php?id=gbook|https://schoolb2.loc/index.php?id=contact
1789730903|/index.php?id=gbook|https://schoolb2.loc/index.php?id=contact
1789730903|/index.php?id=gbook|https://schoolb2.loc/index.php?id=contact
1789730903|/index.php?id=gbook|https://schoolb2.loc/index.php?id=contact
1789730903|/index.php?id=gbook|https://schoolb2.loc/index.php?id=contact
1789730903|/index.php?id=gbook|https://schoolb2.loc/index.php?id=contact
1789730904|/index.php?id=gbook|https://schoolb2.loc/index.php?id=contact
1789730904|/index.php?id=gbook|https://schoolb2.loc/index.php?id=contact
1789730904|/index.php?id=gbook|https://schoolb2.loc/index.php?id=contact
1789730904|/index.php?id=gbook|https://schoolb2.loc/index.php?id=contact
1789730904|/index.php?id=gbook|https://schoolb2.loc/index.php?id=contact
1789730904|/index.php?id=gbook|https://schoolb2.loc/index.php?id=contact
1789730905|/index.php?id=gbook|https://schoolb2.loc/index.php?id=contact
1789730905|/index.php?id=gbook|https://schoolb2.loc/index.php?id=contact
1789730905|/index.php?id=gbook|https://schoolb2.loc/index.php?id=contact
1789730905|/index.php?id=gbook|https://schoolb2.loc/index.php?id=contact
1789730905|/index.php?id=gbook|https://schoolb2.loc/index.php?id=contact
1789730906|/index.php?id=gbook|https://schoolb2.loc/index.php?id=contact
1789730906|/index.php?id=gbook|https://schoolb2.loc/index.php?id=contact
1789730906|/index.php?id=gbook|https://schoolb2.loc/index.php?id=contact
1789730906|/index.php?id=gbook|https://schoolb2.loc/index.php?id=contact
1789730913|/|
1789730915|/|
1789730916|/|
1789730916|/|
1789730916|/|
1789730916|/|
1789730917|/|
1789730917|/|
1789730917|/|
1789730918|/|
1789730918|/|
1789730918|/|
1789730918|/|
1789730918|/|
1789730918|/|
1789730919|/|
1789730919|/|
1789730919|/|
1789730919|/|
1789730919|/|
1789730919|/|
1789730919|/|
1789730920|/|
1789730920|/|
1789730920|/index.php?id=contact|https://schoolb2.loc/
1789730921|/index.php?id=info|https://schoolb2.loc/index.php?id=contact
1789730922|/index.php?id=gbook|https://schoolb2.loc/index.php?id=info
1789730923|/index.php|https://schoolb2.loc/index.php?id=gbook
1789730932|/|
1789730935|/index.php?id=info|https://schoolb2.loc/
1789730936|/index.php?id=info|https://schoolb2.loc/
1789730937|/index.php?id=info|https://schoolb2.loc/
1789730937|/index.php?id=info|https://schoolb2.loc/
1789730937|/index.php?id=info|https://schoolb2.loc/
1789730938|/index.php?id=info|https://schoolb2.loc/
1789730938|/index.php?id=info|https://schoolb2.loc/
1789730938|/index.php?id=info|https://schoolb2.loc/
1789730938|/index.php?id=info|https://schoolb2.loc/
1789730938|/index.php?id=info|https://schoolb2.loc/
1789730939|/index.php?id=info|https://schoolb2.loc/
1789730945|/index.php?id=info|
1789731377|/index.php?id=log|https://schoolb2.loc/index.php?id=info
1789731388|/index.php?id=log|https://schoolb2.loc/index.php?id=log
1789731389|/index.php?id=gbook|https://schoolb2.loc/index.php?id=log
1789731406|/index.php?id=gbook|https://schoolb2.loc/index.php?id=gbook
1789731409|/index.php?id=info|https://schoolb2.loc/index.php?id=gbook
1789731411|/index.php?id=contact|https://schoolb2.loc/index.php?id=info
1789731414|/index.php|https://schoolb2.loc/index.php?id=contact
1789731720|/index.php?id=log|https://schoolb2.loc/index.php
